[2019-05-03T13:36:06.951+0000][gc,heap] Heap region size: 1M
[2019-05-03T13:36:06.961+0000][gc     ] Using G1
[2019-05-03T13:36:06.961+0000][gc,heap,coops] Heap address: 0x00000007c0000000, size: 1024 MB, Compressed Oops mode: Zero based, Oop shift amount: 3
[2019-05-03T13:36:13.047+0000][gc,start     ] GC(0) Pause Young (Concurrent Start) (Metadata GC Threshold)
[2019-05-03T13:36:13.047+0000][gc,task      ] GC(0) Using 4 workers of 4 for evacuation
[2019-05-03T13:36:13.055+0000][gc,phases    ] GC(0)   Pre Evacuate Collection Set: 0.0ms
[2019-05-03T13:36:13.055+0000][gc,phases    ] GC(0)   Evacuate Collection Set: 7.2ms
[2019-05-03T13:36:13.055+0000][gc,phases    ] GC(0)   Post Evacuate Collection Set: 0.4ms
[2019-05-03T13:36:13.055+0000][gc,phases    ] GC(0)   Other: 0.4ms
[2019-05-03T13:36:13.055+0000][gc,heap      ] GC(0) Eden regions: 37->0(44)
[2019-05-03T13:36:13.055+0000][gc,heap      ] GC(0) Survivor regions: 0->7(7)
[2019-05-03T13:36:13.055+0000][gc,heap      ] GC(0) Old regions: 0->0
[2019-05-03T13:36:13.055+0000][gc,heap      ] GC(0) Humongous regions: 0->0
[2019-05-03T13:36:13.055+0000][gc,metaspace ] GC(0) Metaspace: 20745K->20745K(1069056K)
[2019-05-03T13:36:13.055+0000][gc           ] GC(0) Pause Young (Concurrent Start) (Metadata GC Threshold) 36M->6M(1024M) 8.251ms
[2019-05-03T13:36:13.055+0000][gc,cpu       ] GC(0) User=0.02s Sys=0.00s Real=0.01s
[2019-05-03T13:36:13.055+0000][gc           ] GC(1) Concurrent Cycle
[2019-05-03T13:36:13.055+0000][gc,marking   ] GC(1) Concurrent Clear Claimed Marks
[2019-05-03T13:36:13.055+0000][gc,marking   ] GC(1) Concurrent Clear Claimed Marks 0.065ms
[2019-05-03T13:36:13.055+0000][gc,marking   ] GC(1) Concurrent Scan Root Regions
[2019-05-03T13:36:13.061+0000][gc,marking   ] GC(1) Concurrent Scan Root Regions 5.160ms
[2019-05-03T13:36:13.061+0000][gc,marking   ] GC(1) Concurrent Mark (6.117s)
[2019-05-03T13:36:13.061+0000][gc,marking   ] GC(1) Concurrent Mark From Roots
[2019-05-03T13:36:13.061+0000][gc,task      ] GC(1) Using 1 workers of 1 for marking
[2019-05-03T13:36:13.061+0000][gc,marking   ] GC(1) Concurrent Mark From Roots 0.649ms
[2019-05-03T13:36:13.061+0000][gc,marking   ] GC(1) Concurrent Preclean
[2019-05-03T13:36:13.061+0000][gc,marking   ] GC(1) Concurrent Preclean 0.035ms
[2019-05-03T13:36:13.061+0000][gc,marking   ] GC(1) Concurrent Mark (6.117s, 6.117s) 0.777ms
[2019-05-03T13:36:13.062+0000][gc,start     ] GC(1) Pause Remark
[2019-05-03T13:36:13.064+0000][gc,stringtable] GC(1) Cleaned string and symbol table, strings: 7309 processed, 0 removed, symbols: 63702 processed, 42 removed
[2019-05-03T13:36:13.064+0000][gc            ] GC(1) Pause Remark 7M->7M(1024M) 2.649ms
[2019-05-03T13:36:13.064+0000][gc,cpu        ] GC(1) User=0.01s Sys=0.00s Real=0.00s
[2019-05-03T13:36:13.064+0000][gc,marking    ] GC(1) Concurrent Rebuild Remembered Sets
[2019-05-03T13:36:13.065+0000][gc,marking    ] GC(1) Concurrent Rebuild Remembered Sets 0.161ms
[2019-05-03T13:36:13.065+0000][gc,start      ] GC(1) Pause Cleanup
[2019-05-03T13:36:13.065+0000][gc            ] GC(1) Pause Cleanup 7M->7M(1024M) 0.103ms
[2019-05-03T13:36:13.065+0000][gc,cpu        ] GC(1) User=0.00s Sys=0.00s Real=0.00s
[2019-05-03T13:36:13.065+0000][gc,marking    ] GC(1) Concurrent Cleanup for Next Mark
[2019-05-03T13:36:13.074+0000][gc,marking    ] GC(1) Concurrent Cleanup for Next Mark 8.893ms
[2019-05-03T13:36:13.074+0000][gc            ] GC(1) Concurrent Cycle 18.779ms
[2019-05-03T13:36:14.110+0000][gc,start      ] GC(2) Pause Young (Normal) (G1 Evacuation Pause)
[2019-05-03T13:36:14.110+0000][gc,task       ] GC(2) Using 4 workers of 4 for evacuation
[2019-05-03T13:36:14.121+0000][gc,phases     ] GC(2)   Pre Evacuate Collection Set: 0.0ms
[2019-05-03T13:36:14.121+0000][gc,phases     ] GC(2)   Evacuate Collection Set: 10.9ms
[2019-05-03T13:36:14.121+0000][gc,phases     ] GC(2)   Post Evacuate Collection Set: 0.4ms
[2019-05-03T13:36:14.121+0000][gc,phases     ] GC(2)   Other: 0.2ms
[2019-05-03T13:36:14.121+0000][gc,heap       ] GC(2) Eden regions: 44->0(48)
[2019-05-03T13:36:14.121+0000][gc,heap       ] GC(2) Survivor regions: 7->3(7)
[2019-05-03T13:36:14.121+0000][gc,heap       ] GC(2) Old regions: 0->6
[2019-05-03T13:36:14.121+0000][gc,heap       ] GC(2) Humongous regions: 129->129
[2019-05-03T13:36:14.121+0000][gc,metaspace  ] GC(2) Metaspace: 30513K->30513K(1077248K)
[2019-05-03T13:36:14.121+0000][gc            ] GC(2) Pause Young (Normal) (G1 Evacuation Pause) 179M->137M(1024M) 11.655ms
[2019-05-03T13:36:14.121+0000][gc,cpu        ] GC(2) User=0.04s Sys=0.01s Real=0.01s
[2019-05-03T13:36:14.419+0000][gc,start      ] GC(3) Pause Young (Concurrent Start) (Metadata GC Threshold)
[2019-05-03T13:36:14.419+0000][gc,task       ] GC(3) Using 4 workers of 4 for evacuation
[2019-05-03T13:36:14.424+0000][gc,phases     ] GC(3)   Pre Evacuate Collection Set: 0.1ms
[2019-05-03T13:36:14.424+0000][gc,phases     ] GC(3)   Evacuate Collection Set: 4.4ms
[2019-05-03T13:36:14.424+0000][gc,phases     ] GC(3)   Post Evacuate Collection Set: 0.2ms
[2019-05-03T13:36:14.424+0000][gc,phases     ] GC(3)   Other: 0.2ms
[2019-05-03T13:36:14.424+0000][gc,heap       ] GC(3) Eden regions: 21->0(46)
[2019-05-03T13:36:14.424+0000][gc,heap       ] GC(3) Survivor regions: 3->5(7)
[2019-05-03T13:36:14.424+0000][gc,heap       ] GC(3) Old regions: 6->6
[2019-05-03T13:36:14.424+0000][gc,heap       ] GC(3) Humongous regions: 129->129
[2019-05-03T13:36:14.424+0000][gc,metaspace  ] GC(3) Metaspace: 34726K->34726K(1081344K)
[2019-05-03T13:36:14.424+0000][gc            ] GC(3) Pause Young (Concurrent Start) (Metadata GC Threshold) 157M->139M(1024M) 5.018ms
[2019-05-03T13:36:14.424+0000][gc,cpu        ] GC(3) User=0.01s Sys=0.00s Real=0.01s
[2019-05-03T13:36:14.424+0000][gc            ] GC(4) Concurrent Cycle
[2019-05-03T13:36:14.424+0000][gc,marking    ] GC(4) Concurrent Clear Claimed Marks
[2019-05-03T13:36:14.424+0000][gc,marking    ] GC(4) Concurrent Clear Claimed Marks 0.061ms
[2019-05-03T13:36:14.424+0000][gc,marking    ] GC(4) Concurrent Scan Root Regions
[2019-05-03T13:36:14.428+0000][gc,marking    ] GC(4) Concurrent Scan Root Regions 3.772ms
[2019-05-03T13:36:14.428+0000][gc,marking    ] GC(4) Concurrent Mark (7.484s)
[2019-05-03T13:36:14.428+0000][gc,marking    ] GC(4) Concurrent Mark From Roots
[2019-05-03T13:36:14.428+0000][gc,task       ] GC(4) Using 1 workers of 1 for marking
[2019-05-03T13:36:14.436+0000][gc,marking    ] GC(4) Concurrent Mark From Roots 7.684ms
[2019-05-03T13:36:14.436+0000][gc,marking    ] GC(4) Concurrent Preclean
[2019-05-03T13:36:14.436+0000][gc,marking    ] GC(4) Concurrent Preclean 0.046ms
[2019-05-03T13:36:14.436+0000][gc,marking    ] GC(4) Concurrent Mark (7.484s, 7.492s) 7.793ms
[2019-05-03T13:36:14.436+0000][gc,start      ] GC(4) Pause Remark
[2019-05-03T13:36:14.439+0000][gc,stringtable] GC(4) Cleaned string and symbol table, strings: 11292 processed, 8 removed, symbols: 98778 processed, 27 removed
[2019-05-03T13:36:14.439+0000][gc            ] GC(4) Pause Remark 141M->141M(1024M) 3.082ms
[2019-05-03T13:36:14.439+0000][gc,cpu        ] GC(4) User=0.01s Sys=0.00s Real=0.00s
[2019-05-03T13:36:14.439+0000][gc,marking    ] GC(4) Concurrent Rebuild Remembered Sets
[2019-05-03T13:36:14.443+0000][gc,marking    ] GC(4) Concurrent Rebuild Remembered Sets 4.170ms
[2019-05-03T13:36:14.443+0000][gc,start      ] GC(4) Pause Cleanup
[2019-05-03T13:36:14.443+0000][gc            ] GC(4) Pause Cleanup 141M->141M(1024M) 0.102ms
[2019-05-03T13:36:14.443+0000][gc,cpu        ] GC(4) User=0.00s Sys=0.00s Real=0.00s
[2019-05-03T13:36:14.443+0000][gc,marking    ] GC(4) Concurrent Cleanup for Next Mark
[2019-05-03T13:36:14.452+0000][gc,marking    ] GC(4) Concurrent Cleanup for Next Mark 8.765ms
[2019-05-03T13:36:14.452+0000][gc            ] GC(4) Concurrent Cycle 28.299ms
[2019-05-03T13:42:39.071+0000][gc,start      ] GC(5) Pause Young (Normal) (G1 Evacuation Pause)
[2019-05-03T13:42:39.071+0000][gc,task       ] GC(5) Using 4 workers of 4 for evacuation
[2019-05-03T13:42:39.081+0000][gc,phases     ] GC(5)   Pre Evacuate Collection Set: 0.0ms
[2019-05-03T13:42:39.081+0000][gc,phases     ] GC(5)   Evacuate Collection Set: 9.3ms
[2019-05-03T13:42:39.081+0000][gc,phases     ] GC(5)   Post Evacuate Collection Set: 0.9ms
[2019-05-03T13:42:39.081+0000][gc,phases     ] GC(5)   Other: 0.2ms
[2019-05-03T13:42:39.081+0000][gc,heap       ] GC(5) Eden regions: 46->0(47)
[2019-05-03T13:42:39.081+0000][gc,heap       ] GC(5) Survivor regions: 5->4(7)
[2019-05-03T13:42:39.081+0000][gc,heap       ] GC(5) Old regions: 6->9
[2019-05-03T13:42:39.081+0000][gc,heap       ] GC(5) Humongous regions: 129->129
[2019-05-03T13:42:39.081+0000][gc,metaspace  ] GC(5) Metaspace: 40414K->40414K(1085440K)
[2019-05-03T13:42:39.081+0000][gc            ] GC(5) Pause Young (Normal) (G1 Evacuation Pause) 185M->141M(1024M) 10.712ms
[2019-05-03T13:42:39.081+0000][gc,cpu        ] GC(5) User=0.04s Sys=0.00s Real=0.01s
[2019-05-03T13:53:06.029+0000][gc,start      ] GC(6) Pause Young (Normal) (G1 Evacuation Pause)
[2019-05-03T13:53:06.034+0000][gc,task       ] GC(6) Using 4 workers of 4 for evacuation
[2019-05-03T13:53:06.047+0000][gc,phases     ] GC(6)   Pre Evacuate Collection Set: 0.2ms
[2019-05-03T13:53:06.047+0000][gc,phases     ] GC(6)   Evacuate Collection Set: 11.8ms
[2019-05-03T13:53:06.047+0000][gc,phases     ] GC(6)   Post Evacuate Collection Set: 0.5ms
[2019-05-03T13:53:06.047+0000][gc,phases     ] GC(6)   Other: 5.9ms
[2019-05-03T13:53:06.047+0000][gc,heap       ] GC(6) Eden regions: 47->0(46)
[2019-05-03T13:53:06.047+0000][gc,heap       ] GC(6) Survivor regions: 4->5(7)
[2019-05-03T13:53:06.047+0000][gc,heap       ] GC(6) Old regions: 9->11
[2019-05-03T13:53:06.047+0000][gc,heap       ] GC(6) Humongous regions: 129->129
[2019-05-03T13:53:06.047+0000][gc,metaspace  ] GC(6) Metaspace: 42418K->42418K(1087488K)
[2019-05-03T13:53:06.047+0000][gc            ] GC(6) Pause Young (Normal) (G1 Evacuation Pause) 188M->143M(1024M) 18.566ms
[2019-05-03T13:53:06.047+0000][gc,cpu        ] GC(6) User=0.04s Sys=0.01s Real=0.02s
[2019-05-03T14:07:31.815+0000][gc,start      ] GC(7) Pause Young (Normal) (G1 Evacuation Pause)
[2019-05-03T14:07:31.821+0000][gc,task       ] GC(7) Using 4 workers of 4 for evacuation
[2019-05-03T14:07:31.831+0000][gc,phases     ] GC(7)   Pre Evacuate Collection Set: 0.0ms
[2019-05-03T14:07:31.831+0000][gc,phases     ] GC(7)   Evacuate Collection Set: 9.7ms
[2019-05-03T14:07:31.831+0000][gc,phases     ] GC(7)   Post Evacuate Collection Set: 0.4ms
[2019-05-03T14:07:31.831+0000][gc,phases     ] GC(7)   Other: 5.8ms
[2019-05-03T14:07:31.831+0000][gc,heap       ] GC(7) Eden regions: 46->0(48)
[2019-05-03T14:07:31.831+0000][gc,heap       ] GC(7) Survivor regions: 5->3(7)
[2019-05-03T14:07:31.831+0000][gc,heap       ] GC(7) Old regions: 11->13
[2019-05-03T14:07:31.831+0000][gc,heap       ] GC(7) Humongous regions: 129->129
[2019-05-03T14:07:31.832+0000][gc,metaspace  ] GC(7) Metaspace: 42528K->42528K(1087488K)
[2019-05-03T14:07:31.832+0000][gc            ] GC(7) Pause Young (Normal) (G1 Evacuation Pause) 189M->144M(1024M) 16.118ms
[2019-05-03T14:07:31.832+0000][gc,cpu        ] GC(7) User=0.03s Sys=0.00s Real=0.02s
[2019-05-03T14:15:57.774+0000][gc,start      ] GC(8) Pause Young (Normal) (G1 Evacuation Pause)
[2019-05-03T14:15:57.776+0000][gc,task       ] GC(8) Using 4 workers of 4 for evacuation
[2019-05-03T14:15:57.785+0000][gc,phases     ] GC(8)   Pre Evacuate Collection Set: 0.0ms
[2019-05-03T14:15:57.785+0000][gc,phases     ] GC(8)   Evacuate Collection Set: 7.5ms
[2019-05-03T14:15:57.785+0000][gc,phases     ] GC(8)   Post Evacuate Collection Set: 1.1ms
[2019-05-03T14:15:57.785+0000][gc,phases     ] GC(8)   Other: 2.3ms
[2019-05-03T14:15:57.785+0000][gc,heap       ] GC(8) Eden regions: 48->0(48)
[2019-05-03T14:15:57.785+0000][gc,heap       ] GC(8) Survivor regions: 3->3(7)
[2019-05-03T14:15:57.785+0000][gc,heap       ] GC(8) Old regions: 13->13
[2019-05-03T14:15:57.785+0000][gc,heap       ] GC(8) Humongous regions: 129->129
[2019-05-03T14:15:57.785+0000][gc,metaspace  ] GC(8) Metaspace: 42909K->42909K(1087488K)
[2019-05-03T14:15:57.785+0000][gc            ] GC(8) Pause Young (Normal) (G1 Evacuation Pause) 192M->144M(1024M) 11.152ms
[2019-05-03T14:15:57.785+0000][gc,cpu        ] GC(8) User=0.02s Sys=0.01s Real=0.01s
[2019-05-03T14:23:55.211+0000][gc,start      ] GC(9) Pause Young (Normal) (G1 Evacuation Pause)
[2019-05-03T14:23:55.217+0000][gc,task       ] GC(9) Using 4 workers of 4 for evacuation
[2019-05-03T14:23:55.230+0000][gc,phases     ] GC(9)   Pre Evacuate Collection Set: 3.0ms
[2019-05-03T14:23:55.230+0000][gc,phases     ] GC(9)   Evacuate Collection Set: 8.1ms
[2019-05-03T14:23:55.230+0000][gc,phases     ] GC(9)   Post Evacuate Collection Set: 0.9ms
[2019-05-03T14:23:55.230+0000][gc,phases     ] GC(9)   Other: 7.1ms
[2019-05-03T14:23:55.230+0000][gc,heap       ] GC(9) Eden regions: 48->0(48)
[2019-05-03T14:23:55.231+0000][gc,heap       ] GC(9) Survivor regions: 3->3(7)
[2019-05-03T14:23:55.231+0000][gc,heap       ] GC(9) Old regions: 13->13
[2019-05-03T14:23:55.231+0000][gc,heap       ] GC(9) Humongous regions: 129->129
[2019-05-03T14:23:55.231+0000][gc,metaspace  ] GC(9) Metaspace: 43234K->43234K(1087488K)
[2019-05-03T14:23:55.231+0000][gc            ] GC(9) Pause Young (Normal) (G1 Evacuation Pause) 192M->144M(1024M) 19.111ms
[2019-05-03T14:23:55.231+0000][gc,cpu        ] GC(9) User=0.02s Sys=0.01s Real=0.02s
[2019-05-03T14:33:11.829+0000][gc,start      ] GC(10) Pause Young (Normal) (G1 Evacuation Pause)
[2019-05-03T14:33:11.835+0000][gc,task       ] GC(10) Using 4 workers of 4 for evacuation
[2019-05-03T14:33:11.844+0000][gc,phases     ] GC(10)   Pre Evacuate Collection Set: 0.0ms
[2019-05-03T14:33:11.844+0000][gc,phases     ] GC(10)   Evacuate Collection Set: 7.5ms
[2019-05-03T14:33:11.844+0000][gc,phases     ] GC(10)   Post Evacuate Collection Set: 1.2ms
[2019-05-03T14:33:11.844+0000][gc,phases     ] GC(10)   Other: 5.7ms
[2019-05-03T14:33:11.844+0000][gc,heap       ] GC(10) Eden regions: 48->0(47)
[2019-05-03T14:33:11.844+0000][gc,heap       ] GC(10) Survivor regions: 3->4(7)
[2019-05-03T14:33:11.844+0000][gc,heap       ] GC(10) Old regions: 13->13
[2019-05-03T14:33:11.844+0000][gc,heap       ] GC(10) Humongous regions: 129->129
[2019-05-03T14:33:11.844+0000][gc,metaspace  ] GC(10) Metaspace: 43362K->43362K(1087488K)
[2019-05-03T14:33:11.844+0000][gc            ] GC(10) Pause Young (Normal) (G1 Evacuation Pause) 192M->145M(1024M) 14.608ms
[2019-05-03T14:33:11.844+0000][gc,cpu        ] GC(10) User=0.03s Sys=0.00s Real=0.02s
[2019-05-03T14:55:24.019+0000][gc,start      ] GC(11) Pause Young (Normal) (G1 Evacuation Pause)
[2019-05-03T14:55:24.019+0000][gc,task       ] GC(11) Using 4 workers of 4 for evacuation
[2019-05-03T14:55:24.047+0000][gc,mmu        ] GC(11) MMU target violated: 21.0ms (20.0ms/21.0ms)
[2019-05-03T14:55:24.047+0000][gc,phases     ] GC(11)   Pre Evacuate Collection Set: 2.7ms
[2019-05-03T14:55:24.047+0000][gc,phases     ] GC(11)   Evacuate Collection Set: 23.4ms
[2019-05-03T14:55:24.047+0000][gc,phases     ] GC(11)   Post Evacuate Collection Set: 0.4ms
[2019-05-03T14:55:24.047+0000][gc,phases     ] GC(11)   Other: 1.4ms
[2019-05-03T14:55:24.047+0000][gc,heap       ] GC(11) Eden regions: 47->0(47)
[2019-05-03T14:55:24.047+0000][gc,heap       ] GC(11) Survivor regions: 4->4(7)
[2019-05-03T14:55:24.047+0000][gc,heap       ] GC(11) Old regions: 13->13
[2019-05-03T14:55:24.047+0000][gc,heap       ] GC(11) Humongous regions: 129->129
[2019-05-03T14:55:24.047+0000][gc,metaspace  ] GC(11) Metaspace: 43445K->43445K(1089536K)
[2019-05-03T14:55:24.047+0000][gc            ] GC(11) Pause Young (Normal) (G1 Evacuation Pause) 192M->145M(1024M) 28.003ms
[2019-05-03T14:55:24.047+0000][gc,cpu        ] GC(11) User=0.03s Sys=0.04s Real=0.03s
[2019-05-03T15:07:00.503+0000][gc,start      ] GC(12) Pause Young (Normal) (G1 Evacuation Pause)
[2019-05-03T15:07:00.503+0000][gc,task       ] GC(12) Using 4 workers of 4 for evacuation
[2019-05-03T15:07:00.514+0000][gc,phases     ] GC(12)   Pre Evacuate Collection Set: 0.0ms
[2019-05-03T15:07:00.514+0000][gc,phases     ] GC(12)   Evacuate Collection Set: 9.9ms
[2019-05-03T15:07:00.514+0000][gc,phases     ] GC(12)   Post Evacuate Collection Set: 0.3ms
[2019-05-03T15:07:00.514+0000][gc,phases     ] GC(12)   Other: 0.4ms
[2019-05-03T15:07:00.514+0000][gc,heap       ] GC(12) Eden regions: 47->0(48)
[2019-05-03T15:07:00.514+0000][gc,heap       ] GC(12) Survivor regions: 4->3(7)
[2019-05-03T15:07:00.514+0000][gc,heap       ] GC(12) Old regions: 13->13
[2019-05-03T15:07:00.514+0000][gc,heap       ] GC(12) Humongous regions: 129->129
[2019-05-03T15:07:00.514+0000][gc,metaspace  ] GC(12) Metaspace: 43484K->43484K(1089536K)
[2019-05-03T15:07:00.514+0000][gc            ] GC(12) Pause Young (Normal) (G1 Evacuation Pause) 192M->144M(1024M) 10.692ms
[2019-05-03T15:07:00.514+0000][gc,cpu        ] GC(12) User=0.03s Sys=0.00s Real=0.01s
[2019-05-03T15:17:51.061+0000][gc,start      ] GC(13) Pause Young (Normal) (G1 Evacuation Pause)
[2019-05-03T15:17:51.066+0000][gc,task       ] GC(13) Using 4 workers of 4 for evacuation
[2019-05-03T15:17:51.072+0000][gc,phases     ] GC(13)   Pre Evacuate Collection Set: 0.0ms
[2019-05-03T15:17:51.072+0000][gc,phases     ] GC(13)   Evacuate Collection Set: 5.5ms
[2019-05-03T15:17:51.072+0000][gc,phases     ] GC(13)   Post Evacuate Collection Set: 0.4ms
[2019-05-03T15:17:51.072+0000][gc,phases     ] GC(13)   Other: 5.7ms
[2019-05-03T15:17:51.072+0000][gc,heap       ] GC(13) Eden regions: 48->0(50)
[2019-05-03T15:17:51.072+0000][gc,heap       ] GC(13) Survivor regions: 3->3(7)
[2019-05-03T15:17:51.072+0000][gc,heap       ] GC(13) Old regions: 13->13
[2019-05-03T15:17:51.072+0000][gc,heap       ] GC(13) Humongous regions: 129->129
[2019-05-03T15:17:51.073+0000][gc,metaspace  ] GC(13) Metaspace: 43492K->43492K(1089536K)
[2019-05-03T15:17:51.073+0000][gc            ] GC(13) Pause Young (Normal) (G1 Evacuation Pause) 192M->144M(1024M) 11.953ms
[2019-05-03T15:17:51.073+0000][gc,cpu        ] GC(13) User=0.02s Sys=0.00s Real=0.01s
[2019-05-03T15:29:06.220+0000][gc,start      ] GC(14) Pause Young (Normal) (G1 Evacuation Pause)
[2019-05-03T15:29:06.225+0000][gc,task       ] GC(14) Using 4 workers of 4 for evacuation
[2019-05-03T15:29:06.233+0000][gc,phases     ] GC(14)   Pre Evacuate Collection Set: 0.0ms
[2019-05-03T15:29:06.233+0000][gc,phases     ] GC(14)   Evacuate Collection Set: 6.9ms
[2019-05-03T15:29:06.233+0000][gc,phases     ] GC(14)   Post Evacuate Collection Set: 0.3ms
[2019-05-03T15:29:06.233+0000][gc,phases     ] GC(14)   Other: 6.0ms
[2019-05-03T15:29:06.233+0000][gc,heap       ] GC(14) Eden regions: 50->0(52)
[2019-05-03T15:29:06.233+0000][gc,heap       ] GC(14) Survivor regions: 3->3(7)
[2019-05-03T15:29:06.233+0000][gc,heap       ] GC(14) Old regions: 13->13
[2019-05-03T15:29:06.233+0000][gc,heap       ] GC(14) Humongous regions: 129->129
[2019-05-03T15:29:06.233+0000][gc,metaspace  ] GC(14) Metaspace: 43510K->43510K(1089536K)
[2019-05-03T15:29:06.233+0000][gc            ] GC(14) Pause Young (Normal) (G1 Evacuation Pause) 194M->144M(1024M) 13.422ms
[2019-05-03T15:29:06.233+0000][gc,cpu        ] GC(14) User=0.02s Sys=0.00s Real=0.01s
[2019-05-03T15:34:57.446+0000][gc,heap,exit  ] Heap
[2019-05-03T15:34:57.451+0000][gc,heap,exit  ]  garbage-first heap   total 1048576K, used 170741K [0x00000007c0000000, 0x0000000800000000)
[2019-05-03T15:34:57.451+0000][gc,heap,exit  ]   region size 1024K, 27 young (27648K), 3 survivors (3072K)
[2019-05-03T15:34:57.451+0000][gc,heap,exit  ]  Metaspace       used 44305K, capacity 46955K, committed 46976K, reserved 1089536K
[2019-05-03T15:34:57.451+0000][gc,heap,exit  ]   class space    used 6030K, capacity 7275K, committed 7296K, reserved 1048576K
