[2019-05-03T18:27:01.697+0000][gc,heap] Heap region size: 1M
[2019-05-03T18:27:01.720+0000][gc     ] Using G1
[2019-05-03T18:27:01.721+0000][gc,heap,coops] Heap address: 0x00000007c0000000, size: 1024 MB, Compressed Oops mode: Zero based, Oop shift amount: 3
[2019-05-03T18:27:04.668+0000][gc,start     ] GC(0) Pause Young (Concurrent Start) (Metadata GC Threshold)
[2019-05-03T18:27:04.668+0000][gc,task      ] GC(0) Using 4 workers of 4 for evacuation
[2019-05-03T18:27:04.687+0000][gc,phases    ] GC(0)   Pre Evacuate Collection Set: 0.1ms
[2019-05-03T18:27:04.687+0000][gc,phases    ] GC(0)   Evacuate Collection Set: 17.5ms
[2019-05-03T18:27:04.687+0000][gc,phases    ] GC(0)   Post Evacuate Collection Set: 0.7ms
[2019-05-03T18:27:04.687+0000][gc,phases    ] GC(0)   Other: 0.9ms
[2019-05-03T18:27:04.687+0000][gc,heap      ] GC(0) Eden regions: 37->0(45)
[2019-05-03T18:27:04.687+0000][gc,heap      ] GC(0) Survivor regions: 0->6(7)
[2019-05-03T18:27:04.687+0000][gc,heap      ] GC(0) Old regions: 0->0
[2019-05-03T18:27:04.687+0000][gc,heap      ] GC(0) Humongous regions: 0->0
[2019-05-03T18:27:04.687+0000][gc,metaspace ] GC(0) Metaspace: 20757K->20757K(1069056K)
[2019-05-03T18:27:04.687+0000][gc           ] GC(0) Pause Young (Concurrent Start) (Metadata GC Threshold) 36M->5M(1024M) 19.459ms
[2019-05-03T18:27:04.687+0000][gc,cpu       ] GC(0) User=0.04s Sys=0.01s Real=0.02s
[2019-05-03T18:27:04.688+0000][gc           ] GC(1) Concurrent Cycle
[2019-05-03T18:27:04.688+0000][gc,marking   ] GC(1) Concurrent Clear Claimed Marks
[2019-05-03T18:27:04.688+0000][gc,marking   ] GC(1) Concurrent Clear Claimed Marks 0.072ms
[2019-05-03T18:27:04.688+0000][gc,marking   ] GC(1) Concurrent Scan Root Regions
[2019-05-03T18:27:04.696+0000][gc,marking   ] GC(1) Concurrent Scan Root Regions 7.815ms
[2019-05-03T18:27:04.696+0000][gc,marking   ] GC(1) Concurrent Mark (3.016s)
[2019-05-03T18:27:04.696+0000][gc,marking   ] GC(1) Concurrent Mark From Roots
[2019-05-03T18:27:04.696+0000][gc,task      ] GC(1) Using 1 workers of 1 for marking
[2019-05-03T18:27:04.697+0000][gc,marking   ] GC(1) Concurrent Mark From Roots 0.766ms
[2019-05-03T18:27:04.697+0000][gc,marking   ] GC(1) Concurrent Preclean
[2019-05-03T18:27:04.697+0000][gc,marking   ] GC(1) Concurrent Preclean 0.102ms
[2019-05-03T18:27:04.697+0000][gc,marking   ] GC(1) Concurrent Mark (3.016s, 3.018s) 1.072ms
[2019-05-03T18:27:04.697+0000][gc,start     ] GC(1) Pause Remark
[2019-05-03T18:27:04.702+0000][gc,stringtable] GC(1) Cleaned string and symbol table, strings: 7307 processed, 0 removed, symbols: 63702 processed, 42 removed
[2019-05-03T18:27:04.702+0000][gc            ] GC(1) Pause Remark 6M->6M(1024M) 5.110ms
[2019-05-03T18:27:04.702+0000][gc,cpu        ] GC(1) User=0.02s Sys=0.00s Real=0.01s
[2019-05-03T18:27:04.702+0000][gc,marking    ] GC(1) Concurrent Rebuild Remembered Sets
[2019-05-03T18:27:04.703+0000][gc,marking    ] GC(1) Concurrent Rebuild Remembered Sets 0.137ms
[2019-05-03T18:27:04.703+0000][gc,start      ] GC(1) Pause Cleanup
[2019-05-03T18:27:04.703+0000][gc            ] GC(1) Pause Cleanup 6M->6M(1024M) 0.259ms
[2019-05-03T18:27:04.703+0000][gc,cpu        ] GC(1) User=0.00s Sys=0.00s Real=0.00s
[2019-05-03T18:27:04.703+0000][gc,marking    ] GC(1) Concurrent Cleanup for Next Mark
[2019-05-03T18:27:04.727+0000][gc,marking    ] GC(1) Concurrent Cleanup for Next Mark 23.781ms
[2019-05-03T18:27:04.727+0000][gc            ] GC(1) Concurrent Cycle 39.503ms
[2019-05-03T18:27:07.721+0000][gc,start      ] GC(2) Pause Young (Normal) (G1 Evacuation Pause)
[2019-05-03T18:27:07.721+0000][gc,task       ] GC(2) Using 4 workers of 4 for evacuation
[2019-05-03T18:27:07.750+0000][gc,mmu        ] GC(2) MMU target violated: 21.0ms (20.0ms/21.0ms)
[2019-05-03T18:27:07.750+0000][gc,phases     ] GC(2)   Pre Evacuate Collection Set: 0.0ms
[2019-05-03T18:27:07.751+0000][gc,phases     ] GC(2)   Evacuate Collection Set: 28.2ms
[2019-05-03T18:27:07.751+0000][gc,phases     ] GC(2)   Post Evacuate Collection Set: 0.9ms
[2019-05-03T18:27:07.751+0000][gc,phases     ] GC(2)   Other: 0.3ms
[2019-05-03T18:27:07.751+0000][gc,heap       ] GC(2) Eden regions: 45->0(48)
[2019-05-03T18:27:07.751+0000][gc,heap       ] GC(2) Survivor regions: 6->3(7)
[2019-05-03T18:27:07.751+0000][gc,heap       ] GC(2) Old regions: 0->6
[2019-05-03T18:27:07.751+0000][gc,heap       ] GC(2) Humongous regions: 129->129
[2019-05-03T18:27:07.751+0000][gc,metaspace  ] GC(2) Metaspace: 30275K->30275K(1077248K)
[2019-05-03T18:27:07.751+0000][gc            ] GC(2) Pause Young (Normal) (G1 Evacuation Pause) 179M->137M(1024M) 29.810ms
[2019-05-03T18:27:07.751+0000][gc,cpu        ] GC(2) User=0.06s Sys=0.01s Real=0.03s
[2019-05-03T18:27:08.828+0000][gc,start      ] GC(3) Pause Young (Concurrent Start) (Metadata GC Threshold)
[2019-05-03T18:27:08.829+0000][gc,task       ] GC(3) Using 4 workers of 4 for evacuation
[2019-05-03T18:27:08.840+0000][gc,phases     ] GC(3)   Pre Evacuate Collection Set: 0.1ms
[2019-05-03T18:27:08.840+0000][gc,phases     ] GC(3)   Evacuate Collection Set: 11.1ms
[2019-05-03T18:27:08.840+0000][gc,phases     ] GC(3)   Post Evacuate Collection Set: 0.4ms
[2019-05-03T18:27:08.841+0000][gc,phases     ] GC(3)   Other: 0.3ms
[2019-05-03T18:27:08.841+0000][gc,heap       ] GC(3) Eden regions: 26->0(46)
[2019-05-03T18:27:08.841+0000][gc,heap       ] GC(3) Survivor regions: 3->5(7)
[2019-05-03T18:27:08.841+0000][gc,heap       ] GC(3) Old regions: 6->6
[2019-05-03T18:27:08.841+0000][gc,heap       ] GC(3) Humongous regions: 129->129
[2019-05-03T18:27:08.841+0000][gc,metaspace  ] GC(3) Metaspace: 34714K->34714K(1081344K)
[2019-05-03T18:27:08.841+0000][gc            ] GC(3) Pause Young (Concurrent Start) (Metadata GC Threshold) 163M->139M(1024M) 12.196ms
[2019-05-03T18:27:08.841+0000][gc,cpu        ] GC(3) User=0.04s Sys=0.00s Real=0.02s
[2019-05-03T18:27:08.841+0000][gc            ] GC(4) Concurrent Cycle
[2019-05-03T18:27:08.841+0000][gc,marking    ] GC(4) Concurrent Clear Claimed Marks
[2019-05-03T18:27:08.841+0000][gc,marking    ] GC(4) Concurrent Clear Claimed Marks 0.122ms
[2019-05-03T18:27:08.841+0000][gc,marking    ] GC(4) Concurrent Scan Root Regions
[2019-05-03T18:27:08.853+0000][gc,marking    ] GC(4) Concurrent Scan Root Regions 11.810ms
[2019-05-03T18:27:08.853+0000][gc,marking    ] GC(4) Concurrent Mark (7.174s)
[2019-05-03T18:27:08.853+0000][gc,marking    ] GC(4) Concurrent Mark From Roots
[2019-05-03T18:27:08.853+0000][gc,task       ] GC(4) Using 1 workers of 1 for marking
[2019-05-03T18:27:08.879+0000][gc,marking    ] GC(4) Concurrent Mark From Roots 25.716ms
[2019-05-03T18:27:08.879+0000][gc,marking    ] GC(4) Concurrent Preclean
[2019-05-03T18:27:08.879+0000][gc,marking    ] GC(4) Concurrent Preclean 0.149ms
[2019-05-03T18:27:08.879+0000][gc,marking    ] GC(4) Concurrent Mark (7.174s, 7.200s) 26.113ms
[2019-05-03T18:27:08.879+0000][gc,start      ] GC(4) Pause Remark
[2019-05-03T18:27:08.893+0000][gc,stringtable] GC(4) Cleaned string and symbol table, strings: 11397 processed, 7 removed, symbols: 97537 processed, 28 removed
[2019-05-03T18:27:08.893+0000][gc            ] GC(4) Pause Remark 140M->140M(1024M) 13.600ms
[2019-05-03T18:27:08.893+0000][gc,cpu        ] GC(4) User=0.03s Sys=0.00s Real=0.02s
[2019-05-03T18:27:08.893+0000][gc,marking    ] GC(4) Concurrent Rebuild Remembered Sets
[2019-05-03T18:27:08.910+0000][gc,marking    ] GC(4) Concurrent Rebuild Remembered Sets 16.901ms
[2019-05-03T18:27:08.911+0000][gc,start      ] GC(4) Pause Cleanup
[2019-05-03T18:27:08.911+0000][gc            ] GC(4) Pause Cleanup 141M->141M(1024M) 0.193ms
[2019-05-03T18:27:08.911+0000][gc,cpu        ] GC(4) User=0.00s Sys=0.00s Real=0.00s
[2019-05-03T18:27:08.911+0000][gc,marking    ] GC(4) Concurrent Cleanup for Next Mark
[2019-05-03T18:27:08.940+0000][gc,marking    ] GC(4) Concurrent Cleanup for Next Mark 28.986ms
[2019-05-03T18:27:08.940+0000][gc            ] GC(4) Concurrent Cycle 99.234ms
[2019-05-03T18:27:58.028+0000][gc,start      ] GC(5) Pause Young (Normal) (G1 Evacuation Pause)
[2019-05-03T18:27:58.029+0000][gc,task       ] GC(5) Using 4 workers of 4 for evacuation
[2019-05-03T18:27:58.048+0000][gc,phases     ] GC(5)   Pre Evacuate Collection Set: 0.1ms
[2019-05-03T18:27:58.048+0000][gc,phases     ] GC(5)   Evacuate Collection Set: 17.1ms
[2019-05-03T18:27:58.048+0000][gc,phases     ] GC(5)   Post Evacuate Collection Set: 1.5ms
[2019-05-03T18:27:58.048+0000][gc,phases     ] GC(5)   Other: 0.8ms
[2019-05-03T18:27:58.048+0000][gc,heap       ] GC(5) Eden regions: 46->0(46)
[2019-05-03T18:27:58.048+0000][gc,heap       ] GC(5) Survivor regions: 5->5(7)
[2019-05-03T18:27:58.048+0000][gc,heap       ] GC(5) Old regions: 6->8
[2019-05-03T18:27:58.048+0000][gc,heap       ] GC(5) Humongous regions: 147->129
[2019-05-03T18:27:58.048+0000][gc,metaspace  ] GC(5) Metaspace: 41074K->41074K(1085440K)
[2019-05-03T18:27:58.048+0000][gc            ] GC(5) Pause Young (Normal) (G1 Evacuation Pause) 203M->141M(1024M) 19.871ms
[2019-05-03T18:27:58.048+0000][gc,cpu        ] GC(5) User=0.06s Sys=0.01s Real=0.02s
[2019-05-03T18:36:27.020+0000][gc,start      ] GC(6) Pause Young (Normal) (G1 Evacuation Pause)
[2019-05-03T18:36:27.025+0000][gc,task       ] GC(6) Using 4 workers of 4 for evacuation
[2019-05-03T18:36:27.045+0000][gc,phases     ] GC(6)   Pre Evacuate Collection Set: 0.1ms
[2019-05-03T18:36:27.045+0000][gc,phases     ] GC(6)   Evacuate Collection Set: 18.8ms
[2019-05-03T18:36:27.045+0000][gc,phases     ] GC(6)   Post Evacuate Collection Set: 0.8ms
[2019-05-03T18:36:27.046+0000][gc,phases     ] GC(6)   Other: 5.7ms
[2019-05-03T18:36:27.046+0000][gc,heap       ] GC(6) Eden regions: 46->0(47)
[2019-05-03T18:36:27.046+0000][gc,heap       ] GC(6) Survivor regions: 5->4(7)
[2019-05-03T18:36:27.046+0000][gc,heap       ] GC(6) Old regions: 8->11
[2019-05-03T18:36:27.046+0000][gc,heap       ] GC(6) Humongous regions: 129->129
[2019-05-03T18:36:27.046+0000][gc,metaspace  ] GC(6) Metaspace: 42701K->42701K(1087488K)
[2019-05-03T18:36:27.046+0000][gc            ] GC(6) Pause Young (Normal) (G1 Evacuation Pause) 187M->143M(1024M) 25.633ms
[2019-05-03T18:36:27.046+0000][gc,cpu        ] GC(6) User=0.06s Sys=0.01s Real=0.02s
[2019-05-03T18:45:52.861+0000][gc,start      ] GC(7) Pause Young (Normal) (G1 Evacuation Pause)
[2019-05-03T18:45:52.867+0000][gc,task       ] GC(7) Using 4 workers of 4 for evacuation
[2019-05-03T18:45:52.881+0000][gc,phases     ] GC(7)   Pre Evacuate Collection Set: 2.1ms
[2019-05-03T18:45:52.881+0000][gc,phases     ] GC(7)   Evacuate Collection Set: 10.9ms
[2019-05-03T18:45:52.881+0000][gc,phases     ] GC(7)   Post Evacuate Collection Set: 0.6ms
[2019-05-03T18:45:52.881+0000][gc,phases     ] GC(7)   Other: 6.2ms
[2019-05-03T18:45:52.881+0000][gc,heap       ] GC(7) Eden regions: 47->0(46)
[2019-05-03T18:45:52.881+0000][gc,heap       ] GC(7) Survivor regions: 4->5(7)
[2019-05-03T18:45:52.881+0000][gc,heap       ] GC(7) Old regions: 11->11
[2019-05-03T18:45:52.881+0000][gc,heap       ] GC(7) Humongous regions: 129->129
[2019-05-03T18:45:52.881+0000][gc,metaspace  ] GC(7) Metaspace: 43146K->43146K(1087488K)
[2019-05-03T18:45:52.881+0000][gc            ] GC(7) Pause Young (Normal) (G1 Evacuation Pause) 190M->143M(1024M) 19.926ms
[2019-05-03T18:45:52.881+0000][gc,cpu        ] GC(7) User=0.03s Sys=0.02s Real=0.02s
[2019-05-03T18:58:08.687+0000][gc,start      ] GC(8) Pause Young (Normal) (G1 Evacuation Pause)
[2019-05-03T18:58:08.687+0000][gc,task       ] GC(8) Using 4 workers of 4 for evacuation
[2019-05-03T18:58:08.695+0000][gc,phases     ] GC(8)   Pre Evacuate Collection Set: 0.0ms
[2019-05-03T18:58:08.695+0000][gc,phases     ] GC(8)   Evacuate Collection Set: 7.2ms
[2019-05-03T18:58:08.695+0000][gc,phases     ] GC(8)   Post Evacuate Collection Set: 0.9ms
[2019-05-03T18:58:08.695+0000][gc,phases     ] GC(8)   Other: 0.5ms
[2019-05-03T18:58:08.695+0000][gc,heap       ] GC(8) Eden regions: 46->0(48)
[2019-05-03T18:58:08.695+0000][gc,heap       ] GC(8) Survivor regions: 5->3(7)
[2019-05-03T18:58:08.695+0000][gc,heap       ] GC(8) Old regions: 11->13
[2019-05-03T18:58:08.695+0000][gc,heap       ] GC(8) Humongous regions: 129->129
[2019-05-03T18:58:08.695+0000][gc,metaspace  ] GC(8) Metaspace: 43222K->43222K(1087488K)
[2019-05-03T18:58:08.695+0000][gc            ] GC(8) Pause Young (Normal) (G1 Evacuation Pause) 189M->144M(1024M) 8.787ms
[2019-05-03T18:58:08.696+0000][gc,cpu        ] GC(8) User=0.02s Sys=0.01s Real=0.01s
