[2019-05-03T15:35:10.554+0000][gc,heap] Heap region size: 1M
[2019-05-03T15:35:10.564+0000][gc     ] Using G1
[2019-05-03T15:35:10.564+0000][gc,heap,coops] Heap address: 0x00000007c0000000, size: 1024 MB, Compressed Oops mode: Zero based, Oop shift amount: 3
[2019-05-03T15:35:16.694+0000][gc,start     ] GC(0) Pause Young (Concurrent Start) (Metadata GC Threshold)
[2019-05-03T15:35:16.694+0000][gc,task      ] GC(0) Using 4 workers of 4 for evacuation
[2019-05-03T15:35:16.703+0000][gc,phases    ] GC(0)   Pre Evacuate Collection Set: 0.0ms
[2019-05-03T15:35:16.703+0000][gc,phases    ] GC(0)   Evacuate Collection Set: 8.2ms
[2019-05-03T15:35:16.703+0000][gc,phases    ] GC(0)   Post Evacuate Collection Set: 0.5ms
[2019-05-03T15:35:16.703+0000][gc,phases    ] GC(0)   Other: 0.4ms
[2019-05-03T15:35:16.703+0000][gc,heap      ] GC(0) Eden regions: 37->0(45)
[2019-05-03T15:35:16.703+0000][gc,heap      ] GC(0) Survivor regions: 0->6(7)
[2019-05-03T15:35:16.703+0000][gc,heap      ] GC(0) Old regions: 0->0
[2019-05-03T15:35:16.703+0000][gc,heap      ] GC(0) Humongous regions: 0->0
[2019-05-03T15:35:16.703+0000][gc,metaspace ] GC(0) Metaspace: 20769K->20769K(1069056K)
[2019-05-03T15:35:16.703+0000][gc           ] GC(0) Pause Young (Concurrent Start) (Metadata GC Threshold) 36M->5M(1024M) 9.230ms
[2019-05-03T15:35:16.703+0000][gc,cpu       ] GC(0) User=0.02s Sys=0.01s Real=0.01s
[2019-05-03T15:35:16.703+0000][gc           ] GC(1) Concurrent Cycle
[2019-05-03T15:35:16.703+0000][gc,marking   ] GC(1) Concurrent Clear Claimed Marks
[2019-05-03T15:35:16.703+0000][gc,marking   ] GC(1) Concurrent Clear Claimed Marks 0.062ms
[2019-05-03T15:35:16.703+0000][gc,marking   ] GC(1) Concurrent Scan Root Regions
[2019-05-03T15:35:16.708+0000][gc,marking   ] GC(1) Concurrent Scan Root Regions 4.308ms
[2019-05-03T15:35:16.708+0000][gc,marking   ] GC(1) Concurrent Mark (6.160s)
[2019-05-03T15:35:16.708+0000][gc,marking   ] GC(1) Concurrent Mark From Roots
[2019-05-03T15:35:16.708+0000][gc,task      ] GC(1) Using 1 workers of 1 for marking
[2019-05-03T15:35:16.708+0000][gc,marking   ] GC(1) Concurrent Mark From Roots 0.184ms
[2019-05-03T15:35:16.708+0000][gc,marking   ] GC(1) Concurrent Preclean
[2019-05-03T15:35:16.708+0000][gc,marking   ] GC(1) Concurrent Preclean 0.034ms
[2019-05-03T15:35:16.708+0000][gc,marking   ] GC(1) Concurrent Mark (6.160s, 6.161s) 0.288ms
[2019-05-03T15:35:16.708+0000][gc,start     ] GC(1) Pause Remark
[2019-05-03T15:35:16.710+0000][gc,stringtable] GC(1) Cleaned string and symbol table, strings: 7274 processed, 0 removed, symbols: 63648 processed, 42 removed
[2019-05-03T15:35:16.711+0000][gc            ] GC(1) Pause Remark 6M->6M(1024M) 2.651ms
[2019-05-03T15:35:16.711+0000][gc,cpu        ] GC(1) User=0.01s Sys=0.00s Real=0.01s
[2019-05-03T15:35:16.711+0000][gc,marking    ] GC(1) Concurrent Rebuild Remembered Sets
[2019-05-03T15:35:16.711+0000][gc,marking    ] GC(1) Concurrent Rebuild Remembered Sets 0.072ms
[2019-05-03T15:35:16.711+0000][gc,start      ] GC(1) Pause Cleanup
[2019-05-03T15:35:16.711+0000][gc            ] GC(1) Pause Cleanup 6M->6M(1024M) 0.104ms
[2019-05-03T15:35:16.711+0000][gc,cpu        ] GC(1) User=0.00s Sys=0.00s Real=0.00s
[2019-05-03T15:35:16.711+0000][gc,marking    ] GC(1) Concurrent Cleanup for Next Mark
[2019-05-03T15:35:16.720+0000][gc,marking    ] GC(1) Concurrent Cleanup for Next Mark 9.158ms
[2019-05-03T15:35:16.720+0000][gc            ] GC(1) Concurrent Cycle 17.150ms
[2019-05-03T15:35:17.956+0000][gc,start      ] GC(2) Pause Young (Normal) (G1 Evacuation Pause)
[2019-05-03T15:35:17.956+0000][gc,task       ] GC(2) Using 4 workers of 4 for evacuation
[2019-05-03T15:35:17.969+0000][gc,phases     ] GC(2)   Pre Evacuate Collection Set: 0.1ms
[2019-05-03T15:35:17.969+0000][gc,phases     ] GC(2)   Evacuate Collection Set: 12.3ms
[2019-05-03T15:35:17.969+0000][gc,phases     ] GC(2)   Post Evacuate Collection Set: 0.5ms
[2019-05-03T15:35:17.969+0000][gc,phases     ] GC(2)   Other: 0.2ms
[2019-05-03T15:35:17.969+0000][gc,heap       ] GC(2) Eden regions: 45->0(48)
[2019-05-03T15:35:17.969+0000][gc,heap       ] GC(2) Survivor regions: 6->3(7)
[2019-05-03T15:35:17.969+0000][gc,heap       ] GC(2) Old regions: 0->6
[2019-05-03T15:35:17.969+0000][gc,heap       ] GC(2) Humongous regions: 129->129
[2019-05-03T15:35:17.969+0000][gc,metaspace  ] GC(2) Metaspace: 30303K->30303K(1077248K)
[2019-05-03T15:35:17.969+0000][gc            ] GC(2) Pause Young (Normal) (G1 Evacuation Pause) 179M->137M(1024M) 13.179ms
[2019-05-03T15:35:17.969+0000][gc,cpu        ] GC(2) User=0.04s Sys=0.01s Real=0.01s
[2019-05-03T15:35:18.303+0000][gc,start      ] GC(3) Pause Young (Concurrent Start) (Metadata GC Threshold)
[2019-05-03T15:35:18.303+0000][gc,task       ] GC(3) Using 4 workers of 4 for evacuation
[2019-05-03T15:35:18.308+0000][gc,phases     ] GC(3)   Pre Evacuate Collection Set: 0.1ms
[2019-05-03T15:35:18.308+0000][gc,phases     ] GC(3)   Evacuate Collection Set: 4.1ms
[2019-05-03T15:35:18.308+0000][gc,phases     ] GC(3)   Post Evacuate Collection Set: 0.2ms
[2019-05-03T15:35:18.308+0000][gc,phases     ] GC(3)   Other: 0.2ms
[2019-05-03T15:35:18.308+0000][gc,heap       ] GC(3) Eden regions: 26->0(46)
[2019-05-03T15:35:18.308+0000][gc,heap       ] GC(3) Survivor regions: 3->5(7)
[2019-05-03T15:35:18.308+0000][gc,heap       ] GC(3) Old regions: 6->6
[2019-05-03T15:35:18.308+0000][gc,heap       ] GC(3) Humongous regions: 129->129
[2019-05-03T15:35:18.308+0000][gc,metaspace  ] GC(3) Metaspace: 34713K->34713K(1081344K)
[2019-05-03T15:35:18.308+0000][gc            ] GC(3) Pause Young (Concurrent Start) (Metadata GC Threshold) 162M->139M(1024M) 4.699ms
[2019-05-03T15:35:18.308+0000][gc,cpu        ] GC(3) User=0.02s Sys=0.00s Real=0.00s
[2019-05-03T15:35:18.308+0000][gc            ] GC(4) Concurrent Cycle
[2019-05-03T15:35:18.308+0000][gc,marking    ] GC(4) Concurrent Clear Claimed Marks
[2019-05-03T15:35:18.308+0000][gc,marking    ] GC(4) Concurrent Clear Claimed Marks 0.060ms
[2019-05-03T15:35:18.308+0000][gc,marking    ] GC(4) Concurrent Scan Root Regions
[2019-05-03T15:35:18.313+0000][gc,marking    ] GC(4) Concurrent Scan Root Regions 4.559ms
[2019-05-03T15:35:18.313+0000][gc,marking    ] GC(4) Concurrent Mark (7.766s)
[2019-05-03T15:35:18.313+0000][gc,marking    ] GC(4) Concurrent Mark From Roots
[2019-05-03T15:35:18.313+0000][gc,task       ] GC(4) Using 1 workers of 1 for marking
[2019-05-03T15:35:18.323+0000][gc,marking    ] GC(4) Concurrent Mark From Roots 10.582ms
[2019-05-03T15:35:18.324+0000][gc,marking    ] GC(4) Concurrent Preclean
[2019-05-03T15:35:18.324+0000][gc,marking    ] GC(4) Concurrent Preclean 0.167ms
[2019-05-03T15:35:18.324+0000][gc,marking    ] GC(4) Concurrent Mark (7.766s, 7.776s) 10.954ms
[2019-05-03T15:35:18.324+0000][gc,start      ] GC(4) Pause Remark
[2019-05-03T15:35:18.327+0000][gc,stringtable] GC(4) Cleaned string and symbol table, strings: 11343 processed, 8 removed, symbols: 97544 processed, 28 removed
[2019-05-03T15:35:18.328+0000][gc            ] GC(4) Pause Remark 140M->140M(1024M) 3.430ms
[2019-05-03T15:35:18.328+0000][gc,cpu        ] GC(4) User=0.01s Sys=0.00s Real=0.00s
[2019-05-03T15:35:18.328+0000][gc,marking    ] GC(4) Concurrent Rebuild Remembered Sets
[2019-05-03T15:35:18.334+0000][gc,marking    ] GC(4) Concurrent Rebuild Remembered Sets 6.134ms
[2019-05-03T15:35:18.334+0000][gc,start      ] GC(4) Pause Cleanup
[2019-05-03T15:35:18.334+0000][gc            ] GC(4) Pause Cleanup 140M->140M(1024M) 0.160ms
[2019-05-03T15:35:18.334+0000][gc,cpu        ] GC(4) User=0.00s Sys=0.00s Real=0.00s
[2019-05-03T15:35:18.334+0000][gc,marking    ] GC(4) Concurrent Cleanup for Next Mark
[2019-05-03T15:35:18.349+0000][gc,marking    ] GC(4) Concurrent Cleanup for Next Mark 14.483ms
[2019-05-03T15:35:18.349+0000][gc            ] GC(4) Concurrent Cycle 40.837ms
[2019-05-03T15:36:18.399+0000][gc,start      ] GC(5) Pause Young (Normal) (G1 Evacuation Pause)
[2019-05-03T15:36:18.404+0000][gc,task       ] GC(5) Using 4 workers of 4 for evacuation
[2019-05-03T15:36:18.415+0000][gc,phases     ] GC(5)   Pre Evacuate Collection Set: 0.0ms
[2019-05-03T15:36:18.415+0000][gc,phases     ] GC(5)   Evacuate Collection Set: 9.9ms
[2019-05-03T15:36:18.415+0000][gc,phases     ] GC(5)   Post Evacuate Collection Set: 0.5ms
[2019-05-03T15:36:18.415+0000][gc,phases     ] GC(5)   Other: 5.8ms
[2019-05-03T15:36:18.415+0000][gc,heap       ] GC(5) Eden regions: 46->0(46)
[2019-05-03T15:36:18.415+0000][gc,heap       ] GC(5) Survivor regions: 5->5(7)
[2019-05-03T15:36:18.415+0000][gc,heap       ] GC(5) Old regions: 6->8
[2019-05-03T15:36:18.415+0000][gc,heap       ] GC(5) Humongous regions: 147->129
[2019-05-03T15:36:18.415+0000][gc,metaspace  ] GC(5) Metaspace: 41394K->41394K(1085440K)
[2019-05-03T15:36:18.415+0000][gc            ] GC(5) Pause Young (Normal) (G1 Evacuation Pause) 203M->141M(1024M) 16.345ms
[2019-05-03T15:36:18.415+0000][gc,cpu        ] GC(5) User=0.03s Sys=0.01s Real=0.02s
[2019-05-03T15:47:52.890+0000][gc,start      ] GC(6) Pause Young (Normal) (G1 Evacuation Pause)
[2019-05-03T15:47:52.895+0000][gc,task       ] GC(6) Using 4 workers of 4 for evacuation
[2019-05-03T15:47:52.908+0000][gc,phases     ] GC(6)   Pre Evacuate Collection Set: 0.0ms
[2019-05-03T15:47:52.908+0000][gc,phases     ] GC(6)   Evacuate Collection Set: 12.0ms
[2019-05-03T15:47:52.908+0000][gc,phases     ] GC(6)   Post Evacuate Collection Set: 0.6ms
[2019-05-03T15:47:52.908+0000][gc,phases     ] GC(6)   Other: 5.9ms
[2019-05-03T15:47:52.908+0000][gc,heap       ] GC(6) Eden regions: 46->0(47)
[2019-05-03T15:47:52.908+0000][gc,heap       ] GC(6) Survivor regions: 5->4(7)
[2019-05-03T15:47:52.908+0000][gc,heap       ] GC(6) Old regions: 8->11
[2019-05-03T15:47:52.908+0000][gc,heap       ] GC(6) Humongous regions: 129->129
[2019-05-03T15:47:52.908+0000][gc,metaspace  ] GC(6) Metaspace: 43766K->43766K(1089536K)
[2019-05-03T15:47:52.908+0000][gc            ] GC(6) Pause Young (Normal) (G1 Evacuation Pause) 187M->143M(1024M) 18.617ms
[2019-05-03T15:47:52.908+0000][gc,cpu        ] GC(6) User=0.04s Sys=0.01s Real=0.01s
[2019-05-03T16:04:21.120+0000][gc,start      ] GC(7) Pause Young (Normal) (G1 Evacuation Pause)
[2019-05-03T16:04:21.120+0000][gc,task       ] GC(7) Using 4 workers of 4 for evacuation
[2019-05-03T16:04:21.129+0000][gc,phases     ] GC(7)   Pre Evacuate Collection Set: 0.2ms
[2019-05-03T16:04:21.129+0000][gc,phases     ] GC(7)   Evacuate Collection Set: 7.8ms
[2019-05-03T16:04:21.129+0000][gc,phases     ] GC(7)   Post Evacuate Collection Set: 0.5ms
[2019-05-03T16:04:21.129+0000][gc,phases     ] GC(7)   Other: 0.5ms
[2019-05-03T16:04:21.129+0000][gc,heap       ] GC(7) Eden regions: 47->0(47)
[2019-05-03T16:04:21.129+0000][gc,heap       ] GC(7) Survivor regions: 4->4(7)
[2019-05-03T16:04:21.129+0000][gc,heap       ] GC(7) Old regions: 11->11
[2019-05-03T16:04:21.129+0000][gc,heap       ] GC(7) Humongous regions: 129->129
[2019-05-03T16:04:21.129+0000][gc,metaspace  ] GC(7) Metaspace: 44023K->44023K(1089536K)
[2019-05-03T16:04:21.129+0000][gc            ] GC(7) Pause Young (Normal) (G1 Evacuation Pause) 190M->143M(1024M) 9.159ms
[2019-05-03T16:04:21.129+0000][gc,cpu        ] GC(7) User=0.03s Sys=0.00s Real=0.00s
[2019-05-03T16:17:21.902+0000][gc,start      ] GC(8) Pause Young (Normal) (G1 Evacuation Pause)
[2019-05-03T16:17:21.902+0000][gc,task       ] GC(8) Using 4 workers of 4 for evacuation
[2019-05-03T16:17:21.913+0000][gc,phases     ] GC(8)   Pre Evacuate Collection Set: 0.0ms
[2019-05-03T16:17:21.913+0000][gc,phases     ] GC(8)   Evacuate Collection Set: 9.2ms
[2019-05-03T16:17:21.913+0000][gc,phases     ] GC(8)   Post Evacuate Collection Set: 0.9ms
[2019-05-03T16:17:21.913+0000][gc,phases     ] GC(8)   Other: 0.3ms
[2019-05-03T16:17:21.913+0000][gc,heap       ] GC(8) Eden regions: 47->0(47)
[2019-05-03T16:17:21.913+0000][gc,heap       ] GC(8) Survivor regions: 4->4(7)
[2019-05-03T16:17:21.913+0000][gc,heap       ] GC(8) Old regions: 11->13
[2019-05-03T16:17:21.913+0000][gc,heap       ] GC(8) Humongous regions: 129->129
[2019-05-03T16:17:21.913+0000][gc,metaspace  ] GC(8) Metaspace: 44485K->44485K(1089536K)
[2019-05-03T16:17:21.913+0000][gc            ] GC(8) Pause Young (Normal) (G1 Evacuation Pause) 190M->144M(1024M) 10.499ms
[2019-05-03T16:17:21.913+0000][gc,cpu        ] GC(8) User=0.04s Sys=0.01s Real=0.01s
[2019-05-03T16:28:05.245+0000][gc,start      ] GC(9) Pause Young (Normal) (G1 Evacuation Pause)
[2019-05-03T16:28:05.250+0000][gc,task       ] GC(9) Using 4 workers of 4 for evacuation
[2019-05-03T16:28:05.257+0000][gc,phases     ] GC(9)   Pre Evacuate Collection Set: 0.0ms
[2019-05-03T16:28:05.257+0000][gc,phases     ] GC(9)   Evacuate Collection Set: 5.2ms
[2019-05-03T16:28:05.257+0000][gc,phases     ] GC(9)   Post Evacuate Collection Set: 0.6ms
[2019-05-03T16:28:05.257+0000][gc,phases     ] GC(9)   Other: 5.8ms
[2019-05-03T16:28:05.257+0000][gc,heap       ] GC(9) Eden regions: 47->0(48)
[2019-05-03T16:28:05.257+0000][gc,heap       ] GC(9) Survivor regions: 4->3(7)
[2019-05-03T16:28:05.257+0000][gc,heap       ] GC(9) Old regions: 13->13
[2019-05-03T16:28:05.257+0000][gc,heap       ] GC(9) Humongous regions: 129->129
[2019-05-03T16:28:05.257+0000][gc,metaspace  ] GC(9) Metaspace: 44564K->44564K(1089536K)
[2019-05-03T16:28:05.257+0000][gc            ] GC(9) Pause Young (Normal) (G1 Evacuation Pause) 191M->144M(1024M) 11.878ms
[2019-05-03T16:28:05.257+0000][gc,cpu        ] GC(9) User=0.02s Sys=0.00s Real=0.01s
[2019-05-03T16:28:41.126+0000][gc,heap,exit  ] Heap
[2019-05-03T16:28:41.126+0000][gc,heap,exit  ]  garbage-first heap   total 1048576K, used 157903K [0x00000007c0000000, 0x0000000800000000)
[2019-05-03T16:28:41.126+0000][gc,heap,exit  ]   region size 1024K, 14 young (14336K), 3 survivors (3072K)
[2019-05-03T16:28:41.126+0000][gc,heap,exit  ]  Metaspace       used 45249K, capacity 48135K, committed 48512K, reserved 1089536K
[2019-05-03T16:28:41.126+0000][gc,heap,exit  ]   class space    used 6312K, capacity 7684K, committed 7808K, reserved 1048576K
