[2019-05-03T17:07:25.834+0000][gc,heap] Heap region size: 1M
[2019-05-03T17:07:25.840+0000][gc     ] Using G1
[2019-05-03T17:07:25.840+0000][gc,heap,coops] Heap address: 0x00000007e0000000, size: 512 MB, Compressed Oops mode: Zero based, Oop shift amount: 3
[2019-05-03T17:30:40.447+0000][gc,start     ] GC(0) Pause Young (Normal) (G1 Evacuation Pause)
[2019-05-03T17:30:40.453+0000][gc,task      ] GC(0) Using 4 workers of 4 for evacuation
[2019-05-03T17:30:40.491+0000][gc,mmu       ] GC(0) MMU target violated: 21.0ms (20.0ms/21.0ms)
[2019-05-03T17:30:40.491+0000][gc,phases    ] GC(0)   Pre Evacuate Collection Set: 0.9ms
[2019-05-03T17:30:40.491+0000][gc,phases    ] GC(0)   Evacuate Collection Set: 35.7ms
[2019-05-03T17:30:40.491+0000][gc,phases    ] GC(0)   Post Evacuate Collection Set: 0.5ms
[2019-05-03T17:30:40.491+0000][gc,phases    ] GC(0)   Other: 6.5ms
[2019-05-03T17:30:40.491+0000][gc,heap      ] GC(0) Eden regions: 25->0(21)
[2019-05-03T17:30:40.491+0000][gc,heap      ] GC(0) Survivor regions: 0->4(4)
[2019-05-03T17:30:40.491+0000][gc,heap      ] GC(0) Old regions: 0->2
[2019-05-03T17:30:40.491+0000][gc,heap      ] GC(0) Humongous regions: 0->0
[2019-05-03T17:30:40.491+0000][gc,metaspace ] GC(0) Metaspace: 15229K->15229K(1062912K)
[2019-05-03T17:30:40.491+0000][gc           ] GC(0) Pause Young (Normal) (G1 Evacuation Pause) 25M->5M(512M) 43.792ms
[2019-05-03T17:30:40.491+0000][gc,cpu       ] GC(0) User=0.02s Sys=0.06s Real=0.05s
[2019-05-03T17:30:40.493+0000][gc,heap,exit ] Heap
[2019-05-03T17:30:40.493+0000][gc,heap,exit ]  garbage-first heap   total 524288K, used 5329K [0x00000007e0000000, 0x0000000800000000)
[2019-05-03T17:30:40.493+0000][gc,heap,exit ]   region size 1024K, 5 young (5120K), 4 survivors (4096K)
[2019-05-03T17:30:40.493+0000][gc,heap,exit ]  Metaspace       used 15240K, capacity 15609K, committed 15872K, reserved 1062912K
[2019-05-03T17:30:40.493+0000][gc,heap,exit ]   class space    used 1521K, capacity 1668K, committed 1792K, reserved 1048576K
